2013-07-07 14:22:37.400 [13486] MainThread: [s3ql.backends.common] Encountered TemporaryProblem exception (), retrying call to ThirdAttempt.do_stuff...
2013-07-07 14:22:37.420 [13486] MainThread: [s3ql.backends.common] Encountered TemporaryProblem exception (), retrying call to ThirdAttempt.do_stuff...
2013-07-07 14:22:37.461 [13486] MainThread: [s3ql.backends.common] Encountered TemporaryProblem exception (), retrying call to ThirdAttempt.do_stuff...
2013-07-07 14:22:37.545 [13486] MainThread: [s3ql.backends.common] Encountered TemporaryProblem exception (), retrying call to RetryIterator.__next__...
2013-07-07 14:22:37.565 [13486] MainThread: [s3ql.backends.common] Encountered TemporaryProblem exception (), retrying call to RetryIterator.__next__...
2013-07-07 14:22:37.585 [13486] MainThread: [s3ql.backends.common] Encountered TemporaryProblem exception (), retrying call to RetryIterator.__next__...
2013-07-07 14:22:37.626 [13486] MainThread: [s3ql.backends.common] Encountered TemporaryProblem exception (), retrying call to RetryIterator.__next__...
